<html>
<body>
<pre>
<h1>µVision Build Log</h1>
<h2>Tool Versions:</h2>
IDE-Version: µVision V5.42.0.0
Copyright (C) 2025 ARM Ltd and ARM Germany GmbH. All rights reserved.
License Information: Fady Hanna, McMaster University COMPENG 2DX3, LIC=----
 
Tool Versions:
Toolchain:       MDK-Lite  Version: 5.42.0.0
Toolchain Path:  C:\Users\fadyh\AppData\Local\Keil_v5\ARM\ARMCLANG\Bin
C Compiler:      ArmClang.exe V6.23
Assembler:       Armasm.exe V6.23
Linker/Locator:  ArmLink.exe V6.23
Library Manager: ArmAr.exe V6.23
Hex Converter:   FromElf.exe V6.23
CPU DLL:         SARMCM3.DLL V5.42.0.0
Dialog DLL:      DCM.DLL V1.17.5.0
Target DLL:      CMSIS_AGDI.dll V1.33.22.0
Dialog DLL:      TCM.DLL V1.56.6.0
 
<h2>Project:</h2>
C:\2DX3\Rehabilitation assist control system\project_rehab.uvprojx
Project File Date:  02/21/2026

<h2>Output:</h2>
*** Using Compiler 'V6.23', folder: 'C:\Users\fadyh\AppData\Local\Keil_v5\ARM\ARMCLANG\Bin'
Build target 'Target_1'

FCARM uses the following Files via command file '.\Auto_FcArm_Cmd.inp':
C:\ti\TivaWare_C_Series-2.2.0.295\driverlib\driverlib.uvproj 
TO .\Objects\project_rehab.hex RTE NOPRINT
custom translating @.\Auto_FcArm_Cmd.inp...
Custom: C:\Users\fadyh\AppData\Local\Keil_v5\ARM\Bin\FCARM.exe @.\Auto_FcArm_Cmd.inp
FCARM FILE CONVERTER V2.59
Completed 1 File(s), Ratio 100%
compiling project_rehab.hex...
linking...
Program Size: Code=2792 RO-data=540 RW-data=8 ZI-data=616  
FromELF: creating hex file...
".\Objects\project_rehab.axf" - 0 Error(s), 0 Warning(s).

<h2>Software Packages used:</h2>

Package Vendor: ARM
                https://www.keil.com/pack/ARM.CMSIS.6.1.0.pack
                ARM::CMSIS@6.1.0
                CMSIS (Common Microcontroller Software Interface Standard)
   * Component: CORE Version: 6.1.0

Package Vendor: TexasInstruments
                http://software-dl.ti.com/msp430/msp430_public_sw/mcu/msp430/msp432cmsis/latest/exports/TexasInstruments.MSP432E4_DFP.3.2.6.pack
                TexasInstruments::MSP432E4_DFP@3.2.6
                Device Family Pack for Texas Instruments SimpleLink(TM) MSP432E4 Series
   * Component: Startup Version: 3.2.3

<h2>Collection of Component include folders:</h2>
  ./RTE/_Target_1
  C:/Users/fadyh/AppData/Local/Arm/Packs/ARM/CMSIS/6.1.0/CMSIS/Core/Include
  C:/Users/fadyh/AppData/Local/Arm/Packs/TexasInstruments/MSP432E4_DFP/3.2.6/Device/Include

<h2>Collection of Component Files used:</h2>

   * Component: ARM::CMSIS:CORE@6.1.0

   * Component: TexasInstruments::Device:Startup@3.2.3
      Source file:   Examples/EmptyMain/main.c
      Source file:   Device/Source/startup_msp432e401y_uvision.s
      Source file:   Device/Source/system_msp432e401y.c
      Source file:   Examples/BlinkLED/blinkLED.c
Build Time Elapsed:  00:00:06
</pre>
</body>
</html>
